com\holdempub\membermanager\ui\MemberSearchField$5.class
com\holdempub\membermanager\ui\LoginFrame.class
com\holdempub\membermanager\data\MemberRepository.class
com\holdempub\membermanager\util\PasswordUtil.class
com\holdempub\membermanager\data\BingoRepository.class
com\holdempub\membermanager\data\ConfigRepository$ConfigData.class
com\holdempub\membermanager\ui\ScoreManagePanel.class
com\holdempub\membermanager\data\ScoreCriteriaRepository$1.class
com\holdempub\membermanager\data\MemberRepository$1.class
com\holdempub\membermanager\ui\MainPanel.class
com\holdempub\membermanager\util\ExcelExportUtil.class
com\holdempub\membermanager\data\ConfigRepository.class
com\holdempub\membermanager\data\MemberRepository$MemberDto.class
com\holdempub\membermanager\ui\MemberSearchField$3.class
com\holdempub\membermanager\ui\MemberSearchField.class
com\holdempub\membermanager\domain\Member.class
com\holdempub\membermanager\domain\BingoData.class
com\holdempub\membermanager\data\ScoreCriteriaRepository.class
com\holdempub\membermanager\ui\MemberManagePanel.class
com\holdempub\membermanager\ui\MainPanel$1.class
com\holdempub\membermanager\domain\ScoreCriterion.class
com\holdempub\membermanager\data\ScoreCriteriaRepository$CriterionDto.class
com\holdempub\membermanager\ui\BingoPanel.class
com\holdempub\membermanager\ui\MemberSearchField$1.class
com\holdempub\membermanager\ui\MemberSearchField$2.class
com\holdempub\membermanager\App.class
com\holdempub\membermanager\ui\BingoPanel$1.class
com\holdempub\membermanager\ui\MainFrame.class
com\holdempub\membermanager\ui\MemberSearchField$4.class
com\holdempub\membermanager\data\BingoRepository$BingoDto.class
com\holdempub\membermanager\ui\MainFrame$Refreshable.class
