C:\Users\82103\Desktop\git\SideProject_MemberManager\src\main\java\com\holdempub\membermanager\ui\LoginFrame.java
C:\Users\82103\Desktop\git\SideProject_MemberManager\src\main\java\com\holdempub\membermanager\ui\MemberSearchField.java
C:\Users\82103\Desktop\git\SideProject_MemberManager\src\main\java\com\holdempub\membermanager\App.java
C:\Users\82103\Desktop\git\SideProject_MemberManager\src\main\java\com\holdempub\membermanager\ui\MemberManagePanel.java
C:\Users\82103\Desktop\git\SideProject_MemberManager\src\main\java\com\holdempub\membermanager\util\PasswordUtil.java
C:\Users\82103\Desktop\git\SideProject_MemberManager\src\main\java\com\holdempub\membermanager\data\ConfigRepository.java
C:\Users\82103\Desktop\git\SideProject_MemberManager\src\main\java\com\holdempub\membermanager\ui\MainPanel.java
C:\Users\82103\Desktop\git\SideProject_MemberManager\src\main\java\com\holdempub\membermanager\ui\BingoPanel.java
C:\Users\82103\Desktop\git\SideProject_MemberManager\src\main\java\com\holdempub\membermanager\domain\Member.java
C:\Users\82103\Desktop\git\SideProject_MemberManager\src\main\java\com\holdempub\membermanager\ui\ScoreManagePanel.java
C:\Users\82103\Desktop\git\SideProject_MemberManager\src\main\java\com\holdempub\membermanager\data\BingoRepository.java
C:\Users\82103\Desktop\git\SideProject_MemberManager\src\main\java\com\holdempub\membermanager\util\ExcelExportUtil.java
C:\Users\82103\Desktop\git\SideProject_MemberManager\src\main\java\com\holdempub\membermanager\data\ScoreCriteriaRepository.java
C:\Users\82103\Desktop\git\SideProject_MemberManager\src\main\java\com\holdempub\membermanager\domain\ScoreCriterion.java
C:\Users\82103\Desktop\git\SideProject_MemberManager\src\main\java\com\holdempub\membermanager\data\MemberRepository.java
C:\Users\82103\Desktop\git\SideProject_MemberManager\src\main\java\com\holdempub\membermanager\domain\BingoData.java
C:\Users\82103\Desktop\git\SideProject_MemberManager\src\main\java\com\holdempub\membermanager\ui\MainFrame.java
